20:21:46 **** Incremental Build of configuration Debug for project hdr-precision-current-source ****
make -j7 all 
arm-none-eabi-gcc "../USB_DEVICE/App/usbd_cdc_if.c" -mcpu=cortex-m4 -std=gnu11 -g3 -DDEBUG -DUSE_HAL_DRIVER -DSTM32L412xx -c -I../USB_DEVICE/App -I../USB_DEVICE/Target -I../Core/Inc -I../Drivers/STM32L4xx_HAL_Driver/Inc -I../Drivers/STM32L4xx_HAL_Driver/Inc/Legacy -I../Middlewares/ST/STM32_USB_Device_Library/Core/Inc -I../Middlewares/ST/STM32_USB_Device_Library/Class/CDC/Inc -I../Drivers/CMSIS/Device/ST/STM32L4xx/Include -I../Drivers/CMSIS/Include -O0 -ffunction-sections -fdata-sections -Wall -fstack-usage -fcyclomatic-complexity -MMD -MP -MF"USB_DEVICE/App/usbd_cdc_if.d" -MT"USB_DEVICE/App/usbd_cdc_if.o" --specs=nano.specs -mfpu=fpv4-sp-d16 -mfloat-abi=hard -mthumb -o "USB_DEVICE/App/usbd_cdc_if.o"
arm-none-eabi-gcc -o "hdr-precision-current-source.elf" @"objects.list"   -mcpu=cortex-m4 -T"/Users/jakewachlin/Documents/hdr-precision-current-source-firmware/hdr-precision-current-source/STM32L412KBTX_FLASH.ld" --specs=nosys.specs -Wl,-Map="hdr-precision-current-source.map" -Wl,--gc-sections -static --specs=nano.specs -mfpu=fpv4-sp-d16 -mfloat-abi=hard -mthumb -Wl,--start-group -lc -lm -Wl,--end-group
Finished building target: hdr-precision-current-source.elf
 
arm-none-eabi-size  hdr-precision-current-source.elf 
arm-none-eabi-objdump -h -S hdr-precision-current-source.elf  > "hdr-precision-current-source.list"
   text	   data	    bss	    dec	    hex	filename
  33920	    268	   6756	  40944	   9ff0	hdr-precision-current-source.elf
Finished building: default.size.stdout
 
Finished building: hdr-precision-current-source.list
 

20:21:47 Build Finished. 0 errors, 0 warnings. (took 1s.301ms)

